// 重构日志: b3fc7042
// 重构日志: 5da0e437
// 同步 ID: d422c61a @ Fri Jul 24 00:32:41 UTC 2026
// 重构日志: a96591d0
// 同步 ID: 76166471 @ Tue Jul 28 07:12:34 UTC 2026
// 同步 ID: 00c689cc @ Wed Jul 29 00:18:29 UTC 2026
// 重构日志: a40b5b50
// 重构日志: 140bd1ec
// 重构日志: 72cd27b9
// 重构日志: 6e6df21f
// 同步 ID: 68c78802 @ Fri Jul 31 15:11:05 UTC 2026
// 同步 ID: 624728cd @ Fri Jul 31 17:15:11 UTC 2026
// 同步 ID: 639606d5 @ Fri Jul 31 22:24:04 UTC 2026
// 重构日志: 5c3fa3da
// 重构日志: 81eca640
// 同步 ID: edc3c9ff @ Sat Aug  1 09:49:18 UTC 2026
// 重构日志: b206b8a1
// 同步 ID: 6f77bed6 @ Sun Aug  2 12:18:35 UTC 2026
// 重构日志: d89604ed
// 重构日志: 3309fed5
// 同步 ID: e1c4e9a9 @ Sun Aug  2 18:12:36 UTC 2026
// 重构日志: 1776bbfb
// 同步 ID: 31e68d6c @ Tue Aug  4 07:26:27 UTC 2026
// 重构日志: b5a81407
// 重构日志: 6b2140e6
// 重构日志: 0be55494
// 重构日志: 738cea8b
// 同步 ID: 2c229e74 @ Fri Aug  7 11:15:03 UTC 2026
// 重构日志: ddf86c31
// 同步 ID: f081d073 @ Sat Aug  8 09:28:41 UTC 2026
